2026-02-13T06:00:21.707Z	Initializing build environment...
2026-02-13T06:00:23.352Z	Success: Finished initializing build environment
2026-02-13T06:00:23.778Z	Cloning seed repository...
2026-02-13T06:00:23.787Z	Cloning from: https://github.com/cloudflare/templates.git
2026-02-13T06:00:24.967Z	Overwriting files
2026-02-13T06:00:25.267Z	Pushing to destination: https://github.com/Rubio020748/container-trader.git
2026-02-13T06:00:26.301Z	Detected the following tools from environment: npm@10.9.2, nodejs@22.16.0, bun@1.2.15
2026-02-13T06:00:26.303Z	Installing project dependencies: bun install --frozen-lockfile
2026-02-13T06:00:26.467Z	bun install v1.2.15 (df017990)
2026-02-13T06:00:26.495Z	[16.15ms] migrated lockfile from package-lock.json
2026-02-13T06:00:28.542Z	Saved lockfile
2026-02-13T06:00:28.542Z	
2026-02-13T06:00:28.542Z	+ @cloudflare/containers@0.0.30
2026-02-13T06:00:28.543Z	+ hono@4.11.1
2026-02-13T06:00:28.543Z	+ typescript@5.9.3
2026-02-13T06:00:28.543Z	+ wrangler@4.56.0
2026-02-13T06:00:28.543Z	
2026-02-13T06:00:28.543Z	52 packages installed [2.12s]
2026-02-13T06:00:28.751Z	Executing user deploy command: npm run deploy
2026-02-13T06:00:29.082Z	
2026-02-13T06:00:29.082Z	> deploy
2026-02-13T06:00:29.082Z	> wrangler deploy
2026-02-13T06:00:29.082Z	
2026-02-13T06:00:30.105Z	
2026-02-13T06:00:30.105Z	 ⛅️ wrangler 4.56.0 (update available 4.65.0)
2026-02-13T06:00:30.105Z	─────────────────────────────────────────────
2026-02-13T06:00:31.910Z	Total Upload: 113.50 KiB / gzip: 27.82 KiB
2026-02-13T06:00:33.870Z	Worker Startup Time: 16 ms
2026-02-13T06:00:33.871Z	Your Worker has access to the following bindings:
2026-02-13T06:00:33.871Z	Binding                             Resource            
2026-02-13T06:00:33.872Z	env.MY_CONTAINER (MyContainer)      Durable Object      
2026-02-13T06:00:33.873Z	
2026-02-13T06:00:33.873Z	The following containers are available:
2026-02-13T06:00:33.873Z	- container-trader-mycontainer (/opt/buildhome/repo/Dockerfile)
2026-02-13T06:00:33.873Z	
2026-02-13T06:00:33.873Z	Uploaded container-trader (3.05 sec)
2026-02-13T06:00:33.875Z	Building image container-trader-mycontainer:8135a7a0
2026-02-13T06:00:34.370Z	#0 building with "default" instance using docker driver
2026-02-13T06:00:34.370Z	
2026-02-13T06:00:34.370Z	#1 [internal] load build definition from Dockerfile
2026-02-13T06:00:34.370Z	#1 transferring dockerfile: 486B done
2026-02-13T06:00:34.370Z	#1 DONE 0.0s
2026-02-13T06:00:34.371Z	
2026-02-13T06:00:34.371Z	#2 resolve image config for docker-image://docker.io/docker/dockerfile:1
2026-02-13T06:00:35.050Z	#2 DONE 0.8s
2026-02-13T06:00:35.229Z	
2026-02-13T06:00:35.229Z	#3 docker-image://docker.io/docker/dockerfile:1@sha256:b6afd42430b15f2d2a4c5a02b919e98a525b785b1aaff16747d2f623364e39b6
2026-02-13T06:00:35.229Z	#3 resolve docker.io/docker/dockerfile:1@sha256:b6afd42430b15f2d2a4c5a02b919e98a525b785b1aaff16747d2f623364e39b6 0.0s done
2026-02-13T06:00:35.233Z	#3 sha256:77246a01651da592b7bae79e0e20ed3b4f2e4c00a1b54b7c921c91ae3fa9ef07 6.29MB / 13.57MB 0.2s
2026-02-13T06:00:35.459Z	#3 sha256:77246a01651da592b7bae79e0e20ed3b4f2e4c00a1b54b7c921c91ae3fa9ef07 13.57MB / 13.57MB 0.2s done
2026-02-13T06:00:35.460Z	#3 extracting sha256:77246a01651da592b7bae79e0e20ed3b4f2e4c00a1b54b7c921c91ae3fa9ef07 0.1s done
2026-02-13T06:00:35.460Z	#3 DONE 0.4s
2026-02-13T06:00:35.693Z	
2026-02-13T06:00:35.694Z	#4 [internal] load metadata for docker.io/library/golang:1.24-alpine
2026-02-13T06:00:36.272Z	#4 DONE 0.7s
2026-02-13T06:00:36.436Z	
2026-02-13T06:00:36.436Z	#5 [internal] load .dockerignore
2026-02-13T06:00:36.436Z	#5 transferring context: 2B done
2026-02-13T06:00:36.436Z	#5 DONE 0.0s
2026-02-13T06:00:36.669Z	
2026-02-13T06:00:36.670Z	#6 [internal] load build context
2026-02-13T06:00:36.670Z	#6 transferring context: 1.50kB 0.0s done
2026-02-13T06:00:36.670Z	#6 DONE 0.1s
2026-02-13T06:00:36.670Z	
2026-02-13T06:00:36.670Z	#7 [build 1/6] FROM docker.io/library/golang:1.24-alpine@sha256:8bee1901f1e530bfb4a7850aa7a479d17ae3a18beb6e09064ed54cfd245b7191
2026-02-13T06:00:36.670Z	#7 resolve docker.io/library/golang:1.24-alpine@sha256:8bee1901f1e530bfb4a7850aa7a479d17ae3a18beb6e09064ed54cfd245b7191 0.0s done
2026-02-13T06:00:36.670Z	#7 sha256:4f4fb700ef54461cfa02571ae0db9a0dc1e0cdb5577484a6d75e68dc38e8acc1 32B / 32B 0.1s done
2026-02-13T06:00:36.790Z	#7 sha256:c95d909b2488ff78a51d01ca745429e6d281e314006f231fe6e9f219cf5432ca 126B / 126B 0.2s done
2026-02-13T06:00:36.790Z	#7 sha256:f7bdfd728ac2ad72d43b82689890dc698260d3a1049845f48fb3fb942df6c581 0B / 79.13MB 0.2s
2026-02-13T06:00:36.790Z	#7 sha256:8f78851c25d251496dd39ebce311b4d914a4a97c0ba1983039165a05fd96b925 296.08kB / 296.08kB 0.2s done
2026-02-13T06:00:37.003Z	#7 sha256:f7bdfd728ac2ad72d43b82689890dc698260d3a1049845f48fb3fb942df6c581 5.24MB / 79.13MB 0.3s
2026-02-13T06:00:37.003Z	#7 sha256:589002ba0eaed121a1dbf42f6648f29e5be55d5c8a6ee0f8eaa0285cc21ac153 3.86MB / 3.86MB 0.2s done
2026-02-13T06:00:37.003Z	#7 extracting sha256:589002ba0eaed121a1dbf42f6648f29e5be55d5c8a6ee0f8eaa0285cc21ac153 0.1s done
2026-02-13T06:00:37.146Z	#7 sha256:f7bdfd728ac2ad72d43b82689890dc698260d3a1049845f48fb3fb942df6c581 17.83MB / 79.13MB 0.5s
2026-02-13T06:00:37.146Z	#7 extracting sha256:8f78851c25d251496dd39ebce311b4d914a4a97c0ba1983039165a05fd96b925 0.1s done
2026-02-13T06:00:37.306Z	#7 sha256:f7bdfd728ac2ad72d43b82689890dc698260d3a1049845f48fb3fb942df6c581 46.14MB / 79.13MB 0.8s
2026-02-13T06:00:37.457Z	#7 sha256:f7bdfd728ac2ad72d43b82689890dc698260d3a1049845f48fb3fb942df6c581 61.87MB / 79.13MB 0.9s
2026-02-13T06:00:37.607Z	#7 sha256:f7bdfd728ac2ad72d43b82689890dc698260d3a1049845f48fb3fb942df6c581 74.45MB / 79.13MB 1.1s
2026-02-13T06:00:37.840Z	#7 sha256:f7bdfd728ac2ad72d43b82689890dc698260d3a1049845f48fb3fb942df6c581 79.13MB / 79.13MB 1.1s done
2026-02-13T06:00:37.840Z	#7 extracting sha256:f7bdfd728ac2ad72d43b82689890dc698260d3a1049845f48fb3fb942df6c581
2026-02-13T06:00:42.965Z	#7 extracting sha256:f7bdfd728ac2ad72d43b82689890dc698260d3a1049845f48fb3fb942df6c581 5.3s done
2026-02-13T06:00:42.965Z	#7 extracting sha256:c95d909b2488ff78a51d01ca745429e6d281e314006f231fe6e9f219cf5432ca
2026-02-13T06:00:43.094Z	#7 extracting sha256:c95d909b2488ff78a51d01ca745429e6d281e314006f231fe6e9f219cf5432ca 0.0s done
2026-02-13T06:00:43.094Z	#7 extracting sha256:4f4fb700ef54461cfa02571ae0db9a0dc1e0cdb5577484a6d75e68dc38e8acc1 done
2026-02-13T06:00:43.094Z	#7 DONE 6.5s
2026-02-13T06:00:43.095Z	
2026-02-13T06:00:43.095Z	#8 [build 2/6] WORKDIR /app
2026-02-13T06:00:43.095Z	#8 DONE 0.0s
2026-02-13T06:00:43.095Z	
2026-02-13T06:00:43.095Z	#9 [build 3/6] COPY container_src/go.mod ./
2026-02-13T06:00:43.095Z	#9 DONE 0.0s
2026-02-13T06:00:43.095Z	
2026-02-13T06:00:43.095Z	#10 [build 4/6] RUN go mod download
2026-02-13T06:00:43.095Z	#10 0.060 go: no module dependencies to download
2026-02-13T06:00:43.274Z	#10 DONE 0.1s
2026-02-13T06:00:43.277Z	
2026-02-13T06:00:43.278Z	#11 [build 5/6] COPY container_src/*.go ./
2026-02-13T06:00:43.278Z	#11 DONE 0.0s
2026-02-13T06:00:43.278Z	
2026-02-13T06:00:43.278Z	#12 [build 6/6] RUN CGO_ENABLED=0 GOOS=linux go build -o /server
2026-02-13T06:00:53.602Z	#12 DONE 10.5s
2026-02-13T06:00:53.775Z	
2026-02-13T06:00:53.775Z	#13 [stage-1 1/2] COPY --from=build /etc/ssl/certs/ca-certificates.crt /etc/ssl/certs/
2026-02-13T06:00:53.775Z	#13 DONE 0.0s
2026-02-13T06:00:53.997Z	
2026-02-13T06:00:53.997Z	#14 [stage-1 2/2] COPY --from=build /server /server
2026-02-13T06:00:54.196Z	#14 DONE 0.0s
2026-02-13T06:00:54.196Z	
2026-02-13T06:00:54.196Z	#15 exporting to image
2026-02-13T06:00:54.196Z	#15 exporting layers
2026-02-13T06:00:54.425Z	#15 exporting layers 0.4s done
2026-02-13T06:00:54.426Z	#15 exporting manifest sha256:7323b477d2fe5ff4464c10ee4b72e93c0a80966e8eee2acdb256d337e072ffa4
2026-02-13T06:00:54.532Z	#15 exporting manifest sha256:7323b477d2fe5ff4464c10ee4b72e93c0a80966e8eee2acdb256d337e072ffa4 done
2026-02-13T06:00:54.533Z	#15 exporting config sha256:d070f9cb56f1630d5c2acf7f13faf87b3980281b1fe9d0bf2cc1a61da9127fb9 done
2026-02-13T06:00:54.533Z	#15 naming to docker.io/library/container-trader-mycontainer:8135a7a0 done
2026-02-13T06:00:54.533Z	#15 unpacking to docker.io/library/container-trader-mycontainer:8135a7a0 0.1s done
2026-02-13T06:00:54.533Z	#15 DONE 0.5s
2026-02-13T06:00:56.563Z	
2026-02-13T06:00:56.563Z	WARNING! Your credentials are stored unencrypted in '/opt/buildhome/.docker/config.json'.
2026-02-13T06:00:56.563Z	Configure a credential helper to remove this warning. See
2026-02-13T06:00:56.563Z	https://docs.docker.com/go/credential-store/
2026-02-13T06:00:56.563Z	
2026-02-13T06:00:56.563Z	Login Succeeded
2026-02-13T06:00:56.975Z	no such manifest: registry.cloudflare.com/cee0e8107ab9e1c3953e69a0f62c16d9/container-trader-mycontainer@sha256:7323b477d2fe5ff4464c10ee4b72e93c0a80966e8eee2acdb256d337e072ffa4
2026-02-13T06:00:56.975Z	Image does not exist remotely, pushing: registry.cloudflare.com/cee0e8107ab9e1c3953e69a0f62c16d9/container-trader-mycontainer:8135a7a0
2026-02-13T06:00:57.029Z	The push refers to repository [registry.cloudflare.com/cee0e8107ab9e1c3953e69a0f62c16d9/container-trader-mycontainer]
2026-02-13T06:00:57.133Z	6d0db573ba4f: Waiting
2026-02-13T06:00:57.133Z	de6b604c41ff: Waiting
2026-02-13T06:00:57.233Z	6d0db573ba4f: Waiting
2026-02-13T06:00:57.233Z	de6b604c41ff: Waiting
2026-02-13T06:00:57.333Z	6d0db573ba4f: Waiting
2026-02-13T06:00:57.333Z	de6b604c41ff: Waiting
2026-02-13T06:00:57.433Z	6d0db573ba4f: Waiting
2026-02-13T06:00:57.433Z	de6b604c41ff: Waiting
2026-02-13T06:00:57.532Z	6d0db573ba4f: Waiting
2026-02-13T06:00:57.532Z	de6b604c41ff: Waiting
2026-02-13T06:00:58.132Z	de6b604c41ff: Pushed
2026-02-13T06:00:58.732Z	6d0db573ba4f: Pushed
2026-02-13T06:00:59.732Z	8135a7a0: digest: sha256:7323b477d2fe5ff4464c10ee4b72e93c0a80966e8eee2acdb256d337e072ffa4 size: 700
2026-02-13T06:00:59.889Z	╭ Deploy a container application deploy changes to your application
2026-02-13T06:00:59.890Z	│
2026-02-13T06:01:00.754Z	│ Container application changes
2026-02-13T06:01:00.754Z	│
2026-02-13T06:01:00.755Z	├ NEW container-trader-mycontainer
2026-02-13T06:01:00.755Z	│
2026-02-13T06:01:00.755Z	│   {
2026-02-13T06:01:00.755Z	│     "containers": [
2026-02-13T06:01:00.755Z	│       {
2026-02-13T06:01:00.756Z	│         "name": "container-trader-mycontainer",
2026-02-13T06:01:00.756Z	│         "scheduling_policy": "default",
2026-02-13T06:01:00.756Z	│         "configuration": {
2026-02-13T06:01:00.756Z	│           "image": "registry.cloudflare.com/cee0e8107ab9e1c3953e69a0f62c16d9/container-trader-mycontainer:8135a7a0",
2026-02-13T06:01:00.756Z	│           "instance_type": "lite",
2026-02-13T06:01:00.756Z	│           "observability": {
2026-02-13T06:01:00.756Z	│             "logs": {
2026-02-13T06:01:00.756Z	│               "enabled": true
2026-02-13T06:01:00.756Z	│             }
2026-02-13T06:01:00.756Z	│           }
2026-02-13T06:01:00.756Z	│         },
2026-02-13T06:01:00.756Z	│         "instances": 0,
2026-02-13T06:01:00.756Z	│         "max_instances": 10,
2026-02-13T06:01:00.756Z	│         "constraints": {
2026-02-13T06:01:00.756Z	│           "tier": 1
2026-02-13T06:01:00.757Z	│         },
2026-02-13T06:01:00.757Z	│         "durable_objects": {
2026-02-13T06:01:00.758Z	│           "namespace_id": "2b5c86ed90c44baf95381a9295609f32"
2026-02-13T06:01:00.758Z	│         },
2026-02-13T06:01:00.758Z	│         "rollout_active_grace_period": 0
2026-02-13T06:01:00.758Z	│       }
2026-02-13T06:01:00.758Z	│     ]
2026-02-13T06:01:00.758Z	│   }
2026-02-13T06:01:00.758Z	│
2026-02-13T06:01:04.231Z	│
2026-02-13T06:01:04.231Z	│  SUCCESS  Created application container-trader-mycontainer (Application ID: a0356ca2-9629-4a28-a329-2fcbb77069cc)
2026-02-13T06:01:04.231Z	│
2026-02-13T06:01:04.231Z	╰ Applied changes 
2026-02-13T06:01:04.231Z	
2026-02-13T06:01:05.099Z	▲ [WARNING] Because 'workers_dev' is not in your Wrangler file, it will be enabled for this deployment by default.
2026-02-13T06:01:05.100Z	
2026-02-13T06:01:05.100Z	  To override this setting, you can disable workers.dev by explicitly setting 'workers_dev = false' in your Wrangler file.
2026-02-13T06:01:05.100Z	
2026-02-13T06:01:05.100Z	
2026-02-13T06:01:05.101Z	▲ [WARNING] Because your 'workers.dev' route is enabled and your 'preview_urls' setting is not in your Wrangler file, Preview URLs will be enabled for this deployment by default.
2026-02-13T06:01:05.101Z	
2026-02-13T06:01:05.101Z	  To override this setting, you can disable Preview URLs by explicitly setting 'preview_urls = false' in your Wrangler file.
2026-02-13T06:01:05.101Z	
2026-02-13T06:01:05.101Z	
2026-02-13T06:01:05.101Z	Deployed container-trader triggers (0.87 sec)
2026-02-13T06:01:05.101Z	  https://container-trader.fernando-biovie.workers.dev
2026-02-13T06:01:05.101Z	Current Version ID: 8135a7a0-dae0-4a0e-9bbc-1682b23ecf6c
2026-02-13T06:01:05.106Z	
2026-02-13T06:01:05.106Z	Cloudflare collects anonymous telemetry about your usage of Wrangler. Learn more at https://github.com/cloudflare/workers-sdk/tree/main/packages/wrangler/telemetry.md
2026-02-13T06:01:05.188Z	Success: Deploy command completed
2026-02-13T06:01:05.411Z	✨ Success! Build completed.